Plugins:
Bundled analyzers:
  - JaCoCo 1.3.0.1538 (jacoco)
  - IaC Code Quality and Security 1.47.0.15287 (iac)
  - Text Code Quality and Security 2.24.1.6530 (text)
  - Clean as You Code 2.4.0.2018 (cayc)
Global server settings:
  - sonar.azureresourcemanager.file.suffixes=.bicep
  - sonar.core.id=147B411E-AZc7GuFaQvvfcIYlCIuV
  - sonar.core.startTime=2026-04-17T06:14:34+0000
  - sonar.cs.file.suffixes=.cs,.razor
  - sonar.css.file.suffixes=.css,.less,.scss,.sass
  - sonar.docker.file.patterns=Dockerfile,*.dockerfile
  - sonar.flex.file.suffixes=as
  - sonar.forceAuthentication=true
  - sonar.go.file.suffixes=.go
  - sonar.html.file.suffixes=.html,.xhtml,.cshtml,.vbhtml,.aspx,.ascx,.rhtml,.erb,.shtm,.shtml,.cmp,.twig
  - sonar.ipynb.file.suffixes=ipynb
  - sonar.java.file.suffixes=.java,.jav
  - sonar.java.jvmframeworkconfig.file.patterns=**/src/main/resources/**/*app*.properties,**/src/main/resources/**/*app*.yaml,**/src/main/resources/**/*app*.yml
  - sonar.javascript.file.suffixes=.js,.jsx,.cjs,.mjs,.vue
  - sonar.json.file.suffixes=.json
  - sonar.jsp.file.suffixes=.jsp,.jspf,.jspx
  - sonar.kotlin.file.suffixes=.kt,.kts
  - sonar.multi-quality-mode.enabled=true
  - sonar.php.file.suffixes=php,php3,php4,php5,phtml,inc
  - sonar.python.file.suffixes=py
  - sonar.qualityProfiles.allowDisableInheritedRules=true
  - sonar.ruby.file.suffixes=.rb
  - sonar.rust.file.suffixes=.rs
  - sonar.scala.file.suffixes=.scala
  - sonar.terraform.file.suffixes=.tf
  - sonar.typescript.file.suffixes=.ts,.tsx,.cts,.mts
  - sonar.vbnet.file.suffixes=.vb
  - sonar.xml.file.suffixes=.xml,.xsd,.xsl,.config
  - sonar.yaml.file.suffixes=.yaml,.yml
Project server settings:
Project scanner properties:
  - sonar.host.url=http://192.168.1.56:9000
  - sonar.java.binaries=target/classes
  - sonar.java.libraries=C:\Users\COSMOROOT\.m2\repository\**\*.jar
  - sonar.projectBaseDir=C:\work\full-auto-dev\ghc\ghc-demo41\repo\src\backend
  - sonar.projectKey=ghc-demo41-backend
  - sonar.projectName=GHC Demo41 Backend
  - sonar.scanner.app=ScannerCli
  - sonar.scanner.appVersion=3.1.0.1141
  - sonar.scanner.home=C:\Users\COSMOROOT\AppData\Local\npm-cache\_npx\4c634e31006915c7\node_modules\sonar-scanner\bin\..
  - sonar.sourceEncoding=UTF-8
  - sonar.sources=src/main/java
  - sonar.tests=src/test/java
  - sonar.token=******
  - sonar.working.directory=C:\work\full-auto-dev\ghc\ghc-demo41\repo\src\backend\.scannerwork
